
> 5az-store@0.1.0 build
> next build

   Ôû▓ Next.js 15.1.6
   - Environments: .env.local

   Creating an optimized production build ...
node.exe : Failed to 
compile.
At line:1 char:1
+ & "C:\Program 
Files\nodejs/node.exe" 
"C:\Program 
Files\nodejs/node_mo ...
+ ~~~~~~~~~~~~~~~~~~~~~~~~~~
~~~~~~~~~~~~~~~~~~~~~~~~~~~~
~~~~~~~~~~~~~~~
    + CategoryInfo          
    : NotSpecified: (Faile  
  d to compile.:String) [   
 ], RemoteException
    + FullyQualifiedErrorId 
    : NativeCommandError
 

./app/globals.css
Module not found: Can't 
resolve './&'

https://nextjs.org/docs/mess
ages/module-not-found

Import trace for requested 
module:
./app/globals.css

./app/globals.css
HookWebpackError: Cannot 
find module './&'
    at tryRunOrWebpackError 
(C:\Users\lione\Documents\5a
z final\node_modules\next\di
st\compiled\webpack\bundle5.
js:28:314962)
    at 
__webpack_require_module__ (
C:\Users\lione\Documents\5az
 final\node_modules\next\dis
t\compiled\webpack\bundle5.j
s:28:131434)
    at __nested_webpack_requ
ire_161179__ (C:\Users\lione
\Documents\5az final\node_mo
dules\next\dist\compiled\web
pack\bundle5.js:28:130872)
    at C:\Users\lione\Docume
nts\5az final\node_modules\n
ext\dist\compiled\webpack\bu
ndle5.js:28:131723
    at symbolIterator (C:\Us
ers\lione\Documents\5az fina
l\node_modules\next\dist\com
piled\neo-async\async.js:1:1
4444)
    at done (C:\Users\lione\
Documents\5az final\node_mod
ules\next\dist\compiled\neo-
async\async.js:1:14824)
    at Hook.eval [as 
callAsync] (eval at create (
C:\Users\lione\Documents\5az
 final\node_modules\next\dis
t\compiled\webpack\bundle5.j
s:13:9218), 
<anonymous>:15:1)
    at C:\Users\lione\Docume
nts\5az final\node_modules\n
ext\dist\compiled\webpack\bu
ndle5.js:28:130593
    at symbolIterator (C:\Us
ers\lione\Documents\5az fina
l\node_modules\next\dist\com
piled\neo-async\async.js:1:1
4402)
    at timesSync (C:\Users\l
ione\Documents\5az final\nod
e_modules\next\dist\compiled
\neo-async\async.js:1:5027)
-- inner error --
Error: Cannot find module 
'./&'
    at webpackMissingModule 
(C:\Users\lione\Documents\5a
z final\node_modules\next\di
st\build\webpack\loaders\css
-loader\src\index.js??ruleSe
t[1].rules[13].oneOf[10].use
[2]!C:\Users\lione\Documents
\5az final\node_modules\next
\dist\build\webpack\loaders\
postcss-loader\src\index.js?
?ruleSet[1].rules[13].oneOf[
10].use[3]!C:\Users\lione\Do
cuments\5az 
final\app\globals.css:9:50)
    at Module.<anonymous> (C
:\Users\lione\Documents\5az 
final\node_modules\next\dist
\build\webpack\loaders\css-l
oader\src\index.js??ruleSet[
1].rules[13].oneOf[10].use[2
]!C:\Users\lione\Documents\5
az final\node_modules\next\d
ist\build\webpack\loaders\po
stcss-loader\src\index.js??r
uleSet[1].rules[13].oneOf[10
].use[3]!C:\Users\lione\Docu
ments\5az 
final\app\globals.css:9:128)
    at C:\Users\lione\Docume
nts\5az final\node_modules\n
ext\dist\compiled\webpack\bu
ndle5.js:28:955548
    at Hook.eval [as call] 
(eval at create (C:\Users\li
one\Documents\5az final\node
_modules\next\dist\compiled\
webpack\bundle5.js:13:8996),
 <anonymous>:7:1)
    at C:\Users\lione\Docume
nts\5az final\node_modules\n
ext\dist\compiled\webpack\bu
ndle5.js:28:131467
    at tryRunOrWebpackError 
(C:\Users\lione\Documents\5a
z final\node_modules\next\di
st\compiled\webpack\bundle5.
js:28:314916)
    at 
__webpack_require_module__ (
C:\Users\lione\Documents\5az
 final\node_modules\next\dis
t\compiled\webpack\bundle5.j
s:28:131434)
    at __nested_webpack_requ
ire_161179__ (C:\Users\lione
\Documents\5az final\node_mo
dules\next\dist\compiled\web
pack\bundle5.js:28:130872)
    at C:\Users\lione\Docume
nts\5az final\node_modules\n
ext\dist\compiled\webpack\bu
ndle5.js:28:131723
    at symbolIterator (C:\Us
ers\lione\Documents\5az fina
l\node_modules\next\dist\com
piled\neo-async\async.js:1:1
4444)

Generated code for C:\Users\
lione\Documents\5az final\no
de_modules\next\dist\build\w
ebpack\loaders\css-loader\sr
c\index.js??ruleSet[1].rules
[13].oneOf[10].use[2]!C:\Use
rs\lione\Documents\5az final
\node_modules\next\dist\buil
d\webpack\loaders\postcss-lo
ader\src\index.js??ruleSet[1
].rules[13].oneOf[10].use[3]
!C:\Users\lione\Documents\5a
z final\app\globals.css
 1 | __webpack_require__.r(_
_webpack_exports__);
 2 | /* harmony export */ __
webpack_require__.d(__webpac
k_exports__, {
 3 | /* harmony export */   
"default": () => 
(__WEBPACK_DEFAULT_EXPORT__)
 4 | /* harmony export */ 
});
 5 | /* harmony import */ 
var _node_modules_next_dist_
build_webpack_loaders_css_lo
ader_src_runtime_api_js__WEB
PACK_IMPORTED_MODULE_0__ = _
_webpack_require__("C:\\User
s\\lione\\Documents\\5az fin
al\\node_modules\\next\\dist
\\build\\webpack\\loaders\\c
ss-loader\\src\\runtime\\api
.js");
 6 | /* harmony import */ 
var _node_modules_next_dist_
build_webpack_loaders_css_lo
ader_src_runtime_api_js__WEB
PACK_IMPORTED_MODULE_0___def
ault = /*#__PURE__*/__webpac
k_require__.n(_node_modules_
next_dist_build_webpack_load
ers_css_loader_src_runtime_a
pi_js__WEBPACK_IMPORTED_MODU
LE_0__);
 7 | /* harmony import */ 
var _node_modules_next_dist_
build_webpack_loaders_css_lo
ader_src_runtime_getUrl_js__
WEBPACK_IMPORTED_MODULE_1__ 
= __webpack_require__("C:\\U
sers\\lione\\Documents\\5az 
final\\node_modules\\next\\d
ist\\build\\webpack\\loaders
\\css-loader\\src\\runtime\\
getUrl.js");
 8 | /* harmony import */ 
var _node_modules_next_dist_
build_webpack_loaders_css_lo
ader_src_runtime_getUrl_js__
WEBPACK_IMPORTED_MODULE_1___
default = /*#__PURE__*/__web
pack_require__.n(_node_modul
es_next_dist_build_webpack_l
oaders_css_loader_src_runtim
e_getUrl_js__WEBPACK_IMPORTE
D_MODULE_1__);
 9 | Object(function 
webpackMissingModule() { 
var e = new Error("Cannot 
find module './&'"); e.code 
= 'MODULE_NOT_FOUND'; throw 
e; }());
10 | // Imports
11 | 
12 | 
13 | 
14 | var 
___CSS_LOADER_EXPORT___ = _n
ode_modules_next_dist_build_
webpack_loaders_css_loader_s
rc_runtime_api_js__WEBPACK_I
MPORTED_MODULE_0___default()
(false);
15 | var ___CSS_LOADER_URL_R
EPLACEMENT_0___ = _node_modu
les_next_dist_build_webpack_
loaders_css_loader_src_runti
me_getUrl_js__WEBPACK_IMPORT
ED_MODULE_1___default()(Obje
ct(function 
webpackMissingModule() { 
var e = new Error("Cannot 
find module './&'"); e.code 
= 'MODULE_NOT_FOUND'; throw 
e; }()), { hash: "#x27;https
://images.hdqwalls.com/downl
oad/lionel-messi-and-cristia
no-ronaldo-louis-vuitton-5k-
8a-3840x2160.jpg&" });
16 | var ___CSS_LOADER_URL_R
EPLACEMENT_1___ = _node_modu
les_next_dist_build_webpack_
loaders_css_loader_src_runti
me_getUrl_js__WEBPACK_IMPORT
ED_MODULE_1___default()(Obje
ct(function 
webpackMissingModule() { 
var e = new Error("Cannot 
find module './&'"); e.code 
= 'MODULE_NOT_FOUND'; throw 
e; }()), { hash: "#x27;https
://images.unsplash.com/photo
-1626244422230-05047b973a5a?
q=80&amp;w=1920&amp;fit=crop
&" });
17 | // Module
18 | ___CSS_LOADER_EXPORT___
.push([module.id, "/*! 
tailwindcss v4.1.18 | MIT 
License | 
https://tailwindcss.com 
*/\n@layer 
properties{@supports 
(((-webkit-hyphens:none)) 
and (not 
(margin-trim:inline))) or 
((-moz-orient:inline) and 
(not (color:rgb(from red r 
g b)))){*,:before,:after,::b
ackdrop{--tw-translate-x:0;-
-tw-translate-y:0;--tw-trans
late-z:0;--tw-scale-x:1;--tw
-scale-y:1;--tw-scale-z:1;--
tw-rotate-x:initial;--tw-rot
ate-y:initial;--tw-rotate-z:
initial;--tw-skew-x:initial;
--tw-skew-y:initial;--tw-spa
ce-y-reverse:0;--tw-space-x-
reverse:0;--tw-divide-y-reve
rse:0;--tw-border-style:soli
d;--tw-gradient-position:ini
tial;--tw-gradient-from:#000
0;--tw-gradient-via:#0000;--
tw-gradient-to:#0000;--tw-gr
adient-stops:initial;--tw-gr
adient-via-stops:initial;--t
w-gradient-from-position:0%;
--tw-gradient-via-position:5
0%;--tw-gradient-to-position
:100%;--tw-leading:initial;-
-tw-font-weight:initial;--tw
-tracking:initial;--tw-shado
w:0 0 #0000;--tw-shadow-colo
r:initial;--tw-shadow-alpha:
100%;--tw-inset-shadow:0 0 #
0000;--tw-inset-shadow-color
:initial;--tw-inset-shadow-a
lpha:100%;--tw-ring-color:in
itial;--tw-ring-shadow:0 0 #
0000;--tw-inset-ring-color:i
nitial;--tw-inset-ring-shado
w:0 0 #0000;--tw-ring-inset:
initial;--tw-ring-offset-wid
th:0px;--tw-ring-offset-colo
r:#fff;--tw-ring-offset-shad
ow:0 0 #0000;--tw-blur:initi
al;--tw-brightness:initial;-
-tw-contrast:initial;--tw-gr
ayscale:initial;--tw-hue-rot
ate:initial;--tw-invert:init
ial;--tw-opacity:initial;--t
w-saturate:initial;--tw-sepi
a:initial;--tw-drop-shadow:i
nitial;--tw-drop-shadow-colo
r:initial;--tw-drop-shadow-a
lpha:100%;--tw-drop-shadow-s
ize:initial;--tw-backdrop-bl
ur:initial;--tw-backdrop-bri
ghtness:initial;--tw-backdro
p-contrast:initial;--tw-back
drop-grayscale:initial;--tw-
backdrop-hue-rotate:initial;
--tw-backdrop-invert:initial
;--tw-backdrop-opacity:initi
al;--tw-backdrop-saturate:in
itial;--tw-backdrop-sepia:in
itial;--tw-duration:initial;
--tw-ease:initial}}}@layer t
heme{:root,:host{--font-sans
:var(--font-outfit),sans-ser
if;--font-mono:ui-monospace,
SFMono-Regular,Menlo,Monaco,
Consolas,\"Liberation 
Mono\",\"Courier New\",monos
pace;--color-red-200:oklch(8
8.5% .062 18.334);--color-re
d-400:oklch(70.4% .191 22.21
6);--color-red-500:oklch(63.
7% .237 25.331);--color-gree
n-400:oklch(79.2% .209 151.7
11);--color-green-500:oklch(
72.3% .219 149.579);--color-
pink-500:oklch(65.6% .241 35
4.308);--color-gray-300:oklc
h(87.2% .01 258.338);--color
-gray-400:oklch(70.7% .022 2
61.325);--color-gray-500:okl
ch(55.1% .027 264.364);--col
or-gray-600:oklch(44.6% .03 
256.802);--color-gray-900:ok
lch(21% .034 264.665);--colo
r-neutral-100:oklch(97% 0 0)
;--color-neutral-200:oklch(9
2.2% 0 0);--color-neutral-30
0:oklch(87% 0 0);--color-neu
tral-400:oklch(70.8% 0 0);--
color-neutral-500:oklch(55.6
% 0 0);--color-neutral-600:o
klch(43.9% 0 0);--color-neut
ral-800:oklch(26.9% 0 0);--c
olor-neutral-900:oklch(20.5%
 0 0);--color-black:#000;--c
olor-white:#fff;--spacing:.2
5rem;--container-xs:20rem;--
container-md:28rem;--contain
er-lg:32rem;--container-xl:3
6rem;--container-2xl:42rem;-
-container-4xl:56rem;--conta
iner-5xl:64rem;--container-7
xl:80rem;--text-xs:.75rem;--
text-xs--line-height:calc(1/
.75);--text-sm:.875rem;--tex
t-sm--line-height:calc(1.25/
.875);--text-lg:1.125rem;--t
ext-lg--line-height:calc(1.7
5/1.125);--text-xl:1.25rem;-
-text-xl--line-height:calc(1
.75/1.25);--text-2xl:1.5rem;
--text-2xl--line-height:calc
(2/1.5);--text-3xl:1.875rem;
--text-3xl--line-height:calc
(2.25/1.875);--text-4xl:2.25
rem;--text-4xl--line-height:
calc(2.5/2.25);--text-5xl:3r
em;--text-5xl--line-height:1
;--text-6xl:3.75rem;--text-6
xl--line-height:1;--text-7xl
:4.5rem;--text-7xl--line-hei
ght:1;--text-8xl:6rem;--text
-8xl--line-height:1;--text-9
xl:8rem;--text-9xl--line-hei
ght:1;--font-weight-medium:5
00;--font-weight-bold:700;--
font-weight-extrabold:800;--
font-weight-black:900;--trac
king-tighter:-.05em;--tracki
ng-tight:-.025em;--tracking-
wide:.025em;--tracking-wider
:.05em;--tracking-widest:.1e
m;--leading-relaxed:1.625;--
radius-md:.375rem;--radius-l
g:.5rem;--radius-xl:.75rem;-
-radius-2xl:1rem;--radius-3x
l:1.5rem;--ease-out:cubic-be
zier(0,0,.2,1);--animate-spi
n:spin 1s linear infinite;--
animate-pulse:pulse 2s cubic
-bezier(.4,0,.6,1)infinite;-
-blur-sm:8px;--blur-md:12px;
--blur-xl:24px;--default-tra
nsition-duration:.15s;--defa
ult-transition-timing-functi
on:cubic-bezier(.4,0,.2,1);-
-default-font-family:var(--f
ont-sans);--default-mono-fon
t-family:var(--font-mono);--
color-background:var(--backg
round);--color-foreground:va
r(--foreground);--color-acce
nt-blue:#2563eb;--color-acce
nt-red:#dc2626;--color-surfa
ce:#fff;--font-display:var(-
-font-unbounded),sans-serif}
}@layer base{*,:after,:befor
e,::backdrop{box-sizing:bord
er-box;border:0 solid;margin
:0;padding:0}::file-selector
-button{box-sizing:border-bo
x;border:0 solid;margin:0;pa
dding:0}html,:host{-webkit-t
ext-size-adjust:100%;tab-siz
e:4;line-height:1.5;font-fam
ily:var(--default-font-famil
y,ui-sans-serif,system-ui,sa
ns-serif,\"Apple Color 
Emoji\",\"Segoe UI 
Emoji\",\"Segoe UI 
Symbol\",\"Noto Color Emoji\
");font-feature-settings:var
(--default-font-feature-sett
ings,normal);font-variation-
settings:var(--default-font-
variation-settings,normal);-
webkit-tap-highlight-color:t
ransparent}hr{height:0;color
:inherit;border-top-width:1p
x}abbr:where([title]){-webki
t-text-decoration:underline 
dotted;text-decoration:under
line dotted}h1,h2,h3,h4,h5,h
6{font-size:inherit;font-wei
ght:inherit}a{color:inherit;
-webkit-text-decoration:inhe
rit;-webkit-text-decoration:
inherit;-webkit-text-decorat
ion:inherit;text-decoration:
inherit}b,strong{font-weight
:bolder}code,kbd,samp,pre{fo
nt-family:var(--default-mono
-font-family,ui-monospace,SF
Mono-Regular,Menlo,Monaco,Co
nsolas,\"Liberation 
Mono\",\"Courier New\",monos
pace);font-feature-settings:
var(--default-mono-font-feat
ure-settings,normal);font-va
riation-settings:var(--defau
lt-mono-font-variation-setti
ngs,normal);font-size:1em}sm
all{font-size:80%}sub,sup{ve
rtical-align:baseline;font-s
ize:75%;line-height:0;positi
on:relative}sub{bottom:-.25e
m}sup{top:-.5em}table{text-i
ndent:0;border-color:inherit
;border-collapse:collapse}:-
moz-focusring{outline:auto}p
rogress{vertical-align:basel
ine}summary{display:list-ite
m}ol,ul,menu{list-style:none
}img,svg,video,canvas,audio,
iframe,embed,object{vertical
-align:middle;display:block}
img,video{max-width:100%;hei
ght:auto}button,input,select
,optgroup,textarea{font:inhe
rit;font-feature-settings:in
herit;font-variation-setting
s:inherit;letter-spacing:inh
erit;color:inherit;opacity:1
;background-color:#0000;bord
er-radius:0}::file-selector-
button{font:inherit;font-fea
ture-settings:inherit;font-v
ariation-settings:inherit;le
tter-spacing:inherit;color:i
nherit;opacity:1;background-
color:#0000;border-radius:0}
:where(select:is([multiple],
[size])) optgroup{font-weigh
t:bolder}:where(select:is([m
ultiple],[size])) optgroup o
ption{padding-inline-start:2
0px}::file-selector-button{m
argin-inline-end:4px}::place
holder{opacity:1}@supports 
(not ((-webkit-appearance:-a
pple-pay-button))) or (conta
in-intrinsic-size:1px){::pla
ceholder{color:currentColor}
@supports 
(color:color-mix(in lab, 
red, red)){::placeholder{col
or:color-mix(in 
oklab,currentcolor 50%,trans
parent)}}}textarea{resize:ve
rtical}::-webkit-search-deco
ration{-webkit-appearance:no
ne}::-webkit-date-and-time-v
alue{min-height:1lh;text-ali
gn:inherit}::-webkit-datetim
e-edit{display:inline-flex}:
:-webkit-datetime-edit-field
s-wrapper{padding:0}::-webki
t-datetime-edit{padding-bloc
k:0}::-webkit-datetime-edit-
year-field{padding-block:0}:
:-webkit-datetime-edit-month
-field{padding-block:0}::-we
bkit-datetime-edit-day-field
{padding-block:0}::-webkit-d
atetime-edit-hour-field{padd
ing-block:0}::-webkit-dateti
me-edit-minute-field{padding
-block:0}::-webkit-datetime-
edit-second-field{padding-bl
ock:0}::-webkit-datetime-edi
t-millisecond-field{padding-
block:0}::-webkit-datetime-e
dit-meridiem-field{padding-b
lock:0}::-webkit-calendar-pi
cker-indicator{line-height:1
}:-moz-ui-invalid{box-shadow
:none}button,input:where([ty
pe=button],[type=reset],[typ
e=submit]){appearance:button
}::file-selector-button{appe
arance:button}::-webkit-inne
r-spin-button{height:auto}::
-webkit-outer-spin-button{he
ight:auto}[hidden]:where(:no
t([hidden=until-found])){dis
play:none!important}}@layer 
components;@layer utilities{
.pointer-events-none{pointer
-events:none}.visible{visibi
lity:visible}.absolute{posit
ion:absolute}.fixed{position
:fixed}.relative{position:re
lative}.sticky{position:stic
ky}.inset-0{inset:calc(var(-
-spacing)*0)}.-top-24{top:ca
lc(var(--spacing)*-24)}.top-
0{top:calc(var(--spacing)*0)
}.top-1{top:calc(var(--spaci
ng)*1)}.top-1\\/2{top:50%}.t
op-4{top:calc(var(--spacing)
*4)}.top-6{top:calc(var(--sp
acing)*6)}.top-full{top:100%
}.-right-24{right:calc(var(-
-spacing)*-24)}.right-0{righ
t:calc(var(--spacing)*0)}.ri
ght-6{right:calc(var(--spaci
ng)*6)}.-bottom-2{bottom:cal
c(var(--spacing)*-2)}.-botto
m-24{bottom:calc(var(--spaci
ng)*-24)}.bottom-10{bottom:c
alc(var(--spacing)*10)}.bott
om-12{bottom:calc(var(--spac
ing)*12)}.-left-24{left:calc
(var(--spacing)*-24)}.left-0
{left:calc(var(--spacing)*0)
}.left-1{left:calc(var(--spa
cing)*1)}.left-1\\/2{left:50
%}.left-4{left:calc(var(--sp
acing)*4)}.left-6{left:calc(
var(--spacing)*6)}.left-10{l
eft:calc(var(--spacing)*10)}
.-z-10{z-index:calc(10*-1)}.
z-0{z-index:0}.z-10{z-index:
10}.z-20{z-index:20}.z-30{z-
index:30}.z-\\[100\\]{z-inde
x:100}.z-\\[9999\\]{z-index:
9999}.col-span-2{grid-column
:span 2/span 2}.col-span-ful
l{grid-column:1/-1}.containe
r{width:100%}@media (min-wid
th:40rem){.container{max-wid
th:40rem}}@media (min-width:
48rem){.container{max-width:
48rem}}@media (min-width:64r
em){.container{max-width:64r
em}}@media (min-width:80rem)
{.container{max-width:80rem}
}@media (min-width:96rem){.c
ontainer{max-width:96rem}}.m
-24{margin:calc(var(--spacin
g)*24)}.mx-4{margin-inline:c
alc(var(--spacing)*4)}.mx-8{
margin-inline:calc(var(--spa
cing)*8)}.mx-auto{margin-inl
ine:auto}.my-20{margin-block
:calc(var(--spacing)*20)}.my
-24{margin-block:calc(var(--
spacing)*24)}.mt-2{margin-to
p:calc(var(--spacing)*2)}.mt
-4{margin-top:calc(var(--spa
cing)*4)}.mt-6{margin-top:ca
lc(var(--spacing)*6)}.mt-8{m
argin-top:calc(var(--spacing
)*8)}.mt-10{margin-top:calc(
var(--spacing)*10)}.-mr-2{ma
rgin-right:calc(var(--spacin
g)*-2)}.mr-2{margin-right:ca
lc(var(--spacing)*2)}.mb-1{m
argin-bottom:calc(var(--spac
ing)*1)}.mb-2{margin-bottom:
calc(var(--spacing)*2)}.mb-4
{margin-bottom:calc(var(--sp
acing)*4)}.mb-6{margin-botto
m:calc(var(--spacing)*6)}.mb
-8{margin-bottom:calc(var(--
spacing)*8)}.mb-10{margin-bo
ttom:calc(var(--spacing)*10)
}.mb-12{margin-bottom:calc(v
ar(--spacing)*12)}.mb-16{mar
gin-bottom:calc(var(--spacin
g)*16)}.mb-20{margin-bottom:
calc(var(--spacing)*20)}.ml-
1{margin-left:calc(var(--spa
cing)*1)}.line-clamp-1{-webk
it-line-clamp:1;-webkit-box-
orient:vertical;display:-web
kit-box;overflow:hidden}.blo
ck{display:block}.flex{displ
ay:flex}.grid{display:grid}.
hidden{display:none}.inline{
display:inline}.inline-block
{display:inline-block}.inlin
e-flex{display:inline-flex}.
table{display:table}.aspect-
\\[4\\/5\\]{aspect-ratio:4/5
}.size-full{width:100%;heigh
t:100%}.h-0{height:calc(var(
--spacing)*0)}.h-0\\.5{heigh
t:calc(var(--spacing)*.5)}.h
-1{height:calc(var(--spacing
)*1)}.h-2{height:calc(var(--
spacing)*2)}.h-3{height:calc
(var(--spacing)*3)}.h-4{heig
ht:calc(var(--spacing)*4)}.h
-5{height:calc(var(--spacing
)*5)}.h-6{height:calc(var(--
spacing)*6)}.h-8{height:calc
(var(--spacing)*8)}.h-10{hei
ght:calc(var(--spacing)*10)}
.h-12{height:calc(var(--spac
ing)*12)}.h-16{height:calc(v
ar(--spacing)*16)}.h-96{heig
ht:calc(var(--spacing)*96)}.
h-\\[2px\\]{height:2px}.h-\\
[120vh\\]{height:120vh}.h-fi
t{height:fit-content}.h-full
{height:100%}.h-px{height:1p
x}.h-screen{height:100vh}.ma
x-h-\\[70vh\\]{max-height:70
vh}.min-h-\\[100px\\]{min-he
ight:100px}.min-h-screen{min
-height:100vh}.w-0{width:cal
c(var(--spacing)*0)}.w-1{wid
th:calc(var(--spacing)*1)}.w
-1\\/3{width:33.3333%}.w-1\\
/4{width:25%}.w-2{width:calc
(var(--spacing)*2)}.w-3{widt
h:calc(var(--spacing)*3)}.w-
4{width:calc(var(--spacing)*
4)}.w-5{width:calc(var(--spa
cing)*5)}.w-6{width:calc(var
(--spacing)*6)}.w-8{width:ca
lc(var(--spacing)*8)}.w-10{w
idth:calc(var(--spacing)*10)
}.w-12{width:calc(var(--spac
ing)*12)}.w-16{width:calc(va
r(--spacing)*16)}.w-96{width
:calc(var(--spacing)*96)}.w-
fit{width:fit-content}.w-ful
l{width:100%}.w-px{width:1px
}.w-xl{width:var(--container
-xl)}.max-w-2xl{max-width:va
r(--container-2xl)}.max-w-4x
l{max-width:var(--container-
4xl)}.max-w-5xl{max-width:va
r(--container-5xl)}.max-w-7x
l{max-width:var(--container-
7xl)}.max-w-lg{max-width:var
(--container-lg)}.max-w-md{m
ax-width:var(--container-md)
}.max-w-xl{max-width:var(--c
ontainer-xl)}.max-w-xs{max-w
idth:var(--container-xs)}.fl
ex-1{flex:1}.flex-shrink-0{f
lex-shrink:0}.origin-left{tr
ansform-origin:0}.-translate
-x-1{--tw-translate-x:calc(v
ar(--spacing)*-1);translate:
var(--tw-translate-x)var(--t
w-translate-y)}.-translate-x
-1\\/2{--tw-translate-x:calc
(calc(1/2*100%)*-1);translat
e:var(--tw-translate-x)var(-
-tw-translate-y)}.translate-
x-1{--tw-translate-x:calc(va
r(--spacing)*1);translate:va
r(--tw-translate-x)var(--tw-
translate-y)}.translate-x-1\
\/2{--tw-translate-x:calc(1/
2*100%);translate:var(--tw-t
ranslate-x)var(--tw-translat
e-y)}.-translate-y-1{--tw-tr
anslate-y:calc(var(--spacing
)*-1);translate:var(--tw-tra
nslate-x)var(--tw-translate-
y)}.-translate-y-1\\/2{--tw-
translate-y:calc(calc(1/2*10
0%)*-1);translate:var(--tw-t
ranslate-x)var(--tw-translat
e-y)}.translate-y-4{--tw-tra
nslate-y:calc(var(--spacing)
*4);translate:var(--tw-trans
late-x)var(--tw-translate-y)
}.scale-105{--tw-scale-x:105
%;--tw-scale-y:105%;--tw-sca
le-z:105%;scale:var(--tw-sca
le-x)var(--tw-scale-y)}.-rot
ate-1{rotate:-1deg}.skew-x-1
2{--tw-skew-x:skewX(12deg);t
ransform:var(--tw-rotate-x,)
var(--tw-rotate-y,)var(--tw-
rotate-z,)var(--tw-skew-x,)v
ar(--tw-skew-y,)}.hover-card
{transition:all .4s cubic-be
zier(.23,1,.32,1);transform:
translateY(0)}.transform{tra
nsform:var(--tw-rotate-x,)va
r(--tw-rotate-y,)var(--tw-ro
tate-z,)var(--tw-skew-x,)var
(--tw-skew-y,)}.animate-spin
{animation:var(--animate-spi
n)}.cursor-default{cursor:de
fault}.cursor-pointer{cursor
:pointer}.grid-cols-1{grid-t
emplate-columns:repeat(1,min
max(0,1fr))}.grid-cols-2{gri
d-template-columns:repeat(2,
minmax(0,1fr))}.flex-col{fle
x-direction:column}.flex-wra
p{flex-wrap:wrap}.items-base
line{align-items:baseline}.i
tems-center{align-items:cent
er}.items-end{align-items:fl
ex-end}.items-start{align-it
ems:flex-start}.justify-betw
een{justify-content:space-be
tween}.justify-center{justif
y-content:center}.justify-en
d{justify-content:flex-end}.
gap-1{gap:calc(var(--spacing
)*1)}.gap-1\\.5{gap:calc(var
(--spacing)*1.5)}.gap-2{gap:
calc(var(--spacing)*2)}.gap-
3{gap:calc(var(--spacing)*3)
}.gap-4{gap:calc(var(--spaci
ng)*4)}.gap-6{gap:calc(var(-
-spacing)*6)}.gap-8{gap:calc
(var(--spacing)*8)}.gap-10{g
ap:calc(var(--spacing)*10)}.
gap-12{gap:calc(var(--spacin
g)*12)}.gap-16{gap:calc(var(
--spacing)*16)}.gap-20{gap:c
alc(var(--spacing)*20)}:wher
e(.space-y-2>:not(:last-chil
d)){--tw-space-y-reverse:0;m
argin-block-start:calc(calc(
var(--spacing)*2)*var(--tw-s
pace-y-reverse));margin-bloc
k-end:calc(calc(var(--spacin
g)*2)*calc(1 - var(--tw-spac
e-y-reverse)))}:where(.space
-y-4>:not(:last-child)){--tw
-space-y-reverse:0;margin-bl
ock-start:calc(calc(var(--sp
acing)*4)*var(--tw-space-y-r
everse));margin-block-end:ca
lc(calc(var(--spacing)*4)*ca
lc(1 - var(--tw-space-y-reve
rse)))}:where(.space-y-6>:no
t(:last-child)){--tw-space-y
-reverse:0;margin-block-star
t:calc(calc(var(--spacing)*6
)*var(--tw-space-y-reverse))
;margin-block-end:calc(calc(
var(--spacing)*6)*calc(1 - v
ar(--tw-space-y-reverse)))}:
where(.space-y-8>:not(:last-
child)){--tw-space-y-reverse
:0;margin-block-start:calc(c
alc(var(--spacing)*8)*var(--
tw-space-y-reverse));margin-
block-end:calc(calc(var(--sp
acing)*8)*calc(1 - var(--tw-
space-y-reverse)))}:where(.s
pace-y-10>:not(:last-child))
{--tw-space-y-reverse:0;marg
in-block-start:calc(calc(var
(--spacing)*10)*var(--tw-spa
ce-y-reverse));margin-block-
end:calc(calc(var(--spacing)
*10)*calc(1 - var(--tw-space
-y-reverse)))}:where(.space-
x-6>:not(:last-child)){--tw-
space-x-reverse:0;margin-inl
ine-start:calc(calc(var(--sp
acing)*6)*var(--tw-space-x-r
everse));margin-inline-end:c
alc(calc(var(--spacing)*6)*c
alc(1 - var(--tw-space-x-rev
erse)))}:where(.space-x-10>:
not(:last-child)){--tw-space
-x-reverse:0;margin-inline-s
tart:calc(calc(var(--spacing
)*10)*var(--tw-space-x-rever
se));margin-inline-end:calc(
calc(var(--spacing)*10)*calc
(1 - var(--tw-space-x-revers
e)))}:where(.space-x-12>:not
(:last-child)){--tw-space-x-
reverse:0;margin-inline-star
t:calc(calc(var(--spacing)*1
2)*var(--tw-space-x-reverse)
);margin-inline-end:calc(cal
c(var(--spacing)*12)*calc(1 
- var(--tw-space-x-reverse))
)}:where(.divide-y>:not(:las
t-child)){--tw-divide-y-reve
rse:0;border-bottom-style:va
r(--tw-border-style);border-
top-style:var(--tw-border-st
yle);border-top-width:calc(1
px*var(--tw-divide-y-reverse
));border-bottom-width:calc(
1px*calc(1 - var(--tw-divide
-y-reverse)))}:where(.divide
-white>:not(:last-child)){bo
rder-color:var(--color-white
)}:where(.divide-white\\/5>:
not(:last-child)){border-col
or:#ffffff0d}@supports 
(color:color-mix(in lab, 
red, red)){:where(.divide-wh
ite\\/5>:not(:last-child)){b
order-color:color-mix(in okl
ab,var(--color-white)5%,tran
sparent)}}.overflow-hidden{o
verflow:hidden}.overflow-x-a
uto{overflow-x:auto}.overflo
w-x-hidden{overflow-x:hidden
}.overflow-y-auto{overflow-y
:auto}.rounded{border-radius
:.25rem}.rounded-2xl{border-
radius:var(--radius-2xl)}.ro
unded-3xl{border-radius:var(
--radius-3xl)}.rounded-\\[1\
\.5rem\\]{border-radius:1.5r
em}.rounded-\\[2rem\\]{borde
r-radius:2rem}.rounded-\\[3r
em\\]{border-radius:3rem}.ro
unded-\\[4rem\\]{border-radi
us:4rem}.rounded-full{border
-radius:3.40282e38px}.rounde
d-lg{border-radius:var(--rad
ius-lg)}.rounded-md{border-r
adius:var(--radius-md)}.roun
ded-xl{border-radius:var(--r
adius-xl)}.rounded-t-\\[4rem
\\]{border-top-left-radius:4
rem;border-top-right-radius:
4rem}.border{border-style:va
r(--tw-border-style);border-
width:1px}.border-y{border-b
lock-style:var(--tw-border-s
tyle);border-block-width:1px
}.border-t{border-top-style:
var(--tw-border-style);borde
r-top-width:1px}.border-r{bo
rder-right-style:var(--tw-bo
rder-style);border-right-wid
th:1px}.border-b{border-bott
om-style:var(--tw-border-sty
le);border-bottom-width:1px}
.border-black{border-color:v
ar(--color-black)}.border-bl
ack\\/5{border-color:#000000
0d}@supports 
(color:color-mix(in lab, 
red, red)){.border-black\\/5
{border-color:color-mix(in o
klab,var(--color-black)5%,tr
ansparent)}}.border-black\\/
10{border-color:#0000001a}@s
upports (color:color-mix(in 
lab, red, red)){.border-blac
k\\/10{border-color:color-mi
x(in oklab,var(--color-black
)10%,transparent)}}.border-r
ed-500{border-color:var(--co
lor-red-500)}.border-red-500
\\/50{border-color:#fb2c3680
}@supports 
(color:color-mix(in lab, 
red, red)){.border-red-500\\
/50{border-color:color-mix(i
n oklab,var(--color-red-500)
50%,transparent)}}.border-wh
ite{border-color:var(--color
-white)}.border-white\\/5{bo
rder-color:#ffffff0d}@suppor
ts (color:color-mix(in lab, 
red, red)){.border-white\\/5
{border-color:color-mix(in o
klab,var(--color-white)5%,tr
ansparent)}}.border-white\\/
10{border-color:#ffffff1a}@s
upports (color:color-mix(in 
lab, red, red)){.border-whit
e\\/10{border-color:color-mi
x(in oklab,var(--color-white
)10%,transparent)}}.border-w
hite\\/20{border-color:#fff3
}@supports 
(color:color-mix(in lab, 
red, red)){.border-white\\/2
0{border-color:color-mix(in 
oklab,var(--color-white)20%,
transparent)}}.border-white\
\/50{border-color:#ffffff80}
@supports 
(color:color-mix(in lab, 
red, red)){.border-white\\/5
0{border-color:color-mix(in 
oklab,var(--color-white)50%,
transparent)}}.glass-morphis
m{-webkit-backdrop-filter:bl
ur(20px);backdrop-filter:blu
r(20px);background-color:#ff
ffffb3;border:1px solid #000
0000d}.bg-\\[\\#F2F2F2\\]{ba
ckground-color:#f2f2f2}.bg-a
ccent-blue{background-color:
var(--color-accent-blue)}.bg
-background{background-color
:var(--color-background)}.bg
-black{background-color:var(
--color-black)}.bg-black\\/5
{background-color:#0000000d}
@supports 
(color:color-mix(in lab, 
red, red)){.bg-black\\/5{bac
kground-color:color-mix(in o
klab,var(--color-black)5%,tr
ansparent)}}.bg-black\\/40{b
ackground-color:#0006}@suppo
rts (color:color-mix(in 
lab, red, red)){.bg-black\\/
40{background-color:color-mi
x(in oklab,var(--color-black
)40%,transparent)}}.bg-black
\\/50{background-color:#0000
0080}@supports 
(color:color-mix(in lab, 
red, red)){.bg-black\\/50{ba
ckground-color:color-mix(in 
oklab,var(--color-black)50%,
transparent)}}.bg-black\\/60
{background-color:#0009}@sup
ports (color:color-mix(in 
lab, red, red)){.bg-black\\/
60{background-color:color-mi
x(in oklab,var(--color-black
)60%,transparent)}}.bg-black
\\/80{background-color:#000c
}@supports 
(color:color-mix(in lab, 
red, red)){.bg-black\\/80{ba
ckground-color:color-mix(in 
oklab,var(--color-black)80%,
transparent)}}.bg-gray-900{b
ackground-color:var(--color-
gray-900)}.bg-green-500{back
ground-color:var(--color-gre
en-500)}.bg-neutral-100{back
ground-color:var(--color-neu
tral-100)}.bg-neutral-900{ba
ckground-color:var(--color-n
eutral-900)}.bg-neutral-900\
\/50{background-color:#17171
780}@supports 
(color:color-mix(in lab, 
red, red)){.bg-neutral-900\\
/50{background-color:color-m
ix(in oklab,var(--color-neut
ral-900)50%,transparent)}}.b
g-red-500{background-color:v
ar(--color-red-500)}.bg-red-
500\\/20{background-color:#f
b2c3633}@supports 
(color:color-mix(in lab, 
red, red)){.bg-red-500\\/20{
background-color:color-mix(i
n oklab,var(--color-red-500)
20%,transparent)}}.bg-surfac
e{background-color:var(--col
or-surface)}.bg-transparent{
background-color:#0000}.bg-w
hite{background-color:var(--
color-white)}.bg-white\\/5{b
ackground-color:#ffffff0d}@s
upports (color:color-mix(in 
lab, red, red)){.bg-white\\/
5{background-color:color-mix
(in oklab,var(--color-white)
5%,transparent)}}.bg-white\\
/10{background-color:#ffffff
1a}@supports 
(color:color-mix(in lab, 
red, red)){.bg-white\\/10{ba
ckground-color:color-mix(in 
oklab,var(--color-white)10%,
transparent)}}.bg-white\\/20
{background-color:#fff3}@sup
ports (color:color-mix(in 
lab, red, red)){.bg-white\\/
20{background-color:color-mi
x(in oklab,var(--color-white
)20%,transparent)}}.bg-white
\\/80{background-color:#fffc
}@supports 
(color:color-mix(in lab, 
red, red)){.bg-white\\/80{ba
ckground-color:color-mix(in 
oklab,var(--color-white)80%,
transparent)}}.bg-white\\/90
{background-color:#ffffffe6}
@supports 
(color:color-mix(in lab, 
red, red)){.bg-white\\/90{ba
ckground-color:color-mix(in 
oklab,var(--color-white)90%,
transparent)}}.bg-gradient-t
o-b{--tw-gradient-position:t
o bottom in oklab;background
-image:linear-gradient(var(-
-tw-gradient-stops))}.bg-gra
dient-to-r{--tw-gradient-pos
ition:to right in oklab;back
ground-image:linear-gradient
(var(--tw-gradient-stops))}.
bg-gradient-to-t{--tw-gradie
nt-position:to top in oklab;
background-image:linear-grad
ient(var(--tw-gradient-stops
))}.bg-\\[url\\(\\&\\#x27\\;
https\\:\\/\\/images\\.hdqwa
lls\\.com\\/download\\/lione
l-messi-and-cristiano-ronald
o-louis-vuitton-5k-8a-3840x2
160\\.jpg\\&\\#x27\\;\\)\\]{
background-image:url(" + ___
CSS_LOADER_URL_REPLACEMENT_0
___ + ")}.bg-\\[url\\(\\&\\#
x27\\;https\\:\\/\\/images\\
.unsplash\\.com\\/photo-1626
244422230-05047b973a5a\\?q\\
=80\\&amp\\;w\\=1920\\&amp\\
;fit\\=crop\\&\\#x27\\;\\)\\
]{background-image:url(" + _
__CSS_LOADER_URL_REPLACEMENT
_1___ + ")}.from-black{--tw-
gradient-from:var(--color-bl
ack);--tw-gradient-stops:var
(--tw-gradient-via-stops,var
(--tw-gradient-position),var
(--tw-gradient-from)var(--tw
-gradient-from-position),var
(--tw-gradient-to)var(--tw-g
radient-to-position))}.from-
black\\/60{--tw-gradient-fro
m:#0009}@supports 
(color:color-mix(in lab, 
red, red)){.from-black\\/60{
--tw-gradient-from:color-mix
(in oklab,var(--color-black)
60%,transparent)}}.from-blac
k\\/60{--tw-gradient-stops:v
ar(--tw-gradient-via-stops,v
ar(--tw-gradient-position),v
ar(--tw-gradient-from)var(--
tw-gradient-from-position),v
ar(--tw-gradient-to)var(--tw
-gradient-to-position))}.fro
m-black\\/80{--tw-gradient-f
rom:#000c}@supports 
(color:color-mix(in lab, 
red, red)){.from-black\\/80{
--tw-gradient-from:color-mix
(in oklab,var(--color-black)
80%,transparent)}}.from-blac
k\\/80{--tw-gradient-stops:v
ar(--tw-gradient-via-stops,v
ar(--tw-gradient-position),v
ar(--tw-gradient-from)var(--
tw-gradient-from-position),v
ar(--tw-gradient-to)var(--tw
-gradient-to-position))}.fro
m-transparent{--tw-gradient-
from:transparent;--tw-gradie
nt-stops:var(--tw-gradient-v
ia-stops,var(--tw-gradient-p
osition),var(--tw-gradient-f
rom)var(--tw-gradient-from-p
osition),var(--tw-gradient-t
o)var(--tw-gradient-to-posit
ion))}.via-transparent{--tw-
gradient-via:transparent;--t
w-gradient-via-stops:var(--t
w-gradient-position),var(--t
w-gradient-from)var(--tw-gra
dient-from-position),var(--t
w-gradient-via)var(--tw-grad
ient-via-position),var(--tw-
gradient-to)var(--tw-gradien
t-to-position);--tw-gradient
-stops:var(--tw-gradient-via
-stops)}.to-background{--tw-
gradient-to:var(--color-back
ground);--tw-gradient-stops:
var(--tw-gradient-via-stops,
var(--tw-gradient-position),
var(--tw-gradient-from)var(-
-tw-gradient-from-position),
var(--tw-gradient-to)var(--t
w-gradient-to-position))}.to
-transparent{--tw-gradient-t
o:transparent;--tw-gradient-
stops:var(--tw-gradient-via-
stops,var(--tw-gradient-posi
tion),var(--tw-gradient-from
)var(--tw-gradient-from-posi
tion),var(--tw-gradient-to)v
ar(--tw-gradient-to-position
))}.to-white{--tw-gradient-t
o:var(--color-white);--tw-gr
adient-stops:var(--tw-gradie
nt-via-stops,var(--tw-gradie
nt-position),var(--tw-gradie
nt-from)var(--tw-gradient-fr
om-position),var(--tw-gradie
nt-to)var(--tw-gradient-to-p
osition))}.to-white\\/20{--t
w-gradient-to:#fff3}@support
s (color:color-mix(in lab, 
red, red)){.to-white\\/20{--
tw-gradient-to:color-mix(in 
oklab,var(--color-white)20%,
transparent)}}.to-white\\/20
{--tw-gradient-stops:var(--t
w-gradient-via-stops,var(--t
w-gradient-position),var(--t
w-gradient-from)var(--tw-gra
dient-from-position),var(--t
w-gradient-to)var(--tw-gradi
ent-to-position))}.bg-cover{
background-size:cover}.bg-fi
xed{background-attachment:fi
xed}.bg-center{background-po
sition:50%}.bg-no-repeat{bac
kground-repeat:no-repeat}.fi
ll-black{fill:var(--color-bl
ack)}.stroke-\\[2\\.5\\]{str
oke-width:2.5px}.object-cove
r{object-fit:cover}.p-1{padd
ing:calc(var(--spacing)*1)}.
p-2{padding:calc(var(--spaci
ng)*2)}.p-3{padding:calc(var
(--spacing)*3)}.p-4{padding:
calc(var(--spacing)*4)}.p-6{
padding:calc(var(--spacing)*
6)}.p-8{padding:calc(var(--s
pacing)*8)}.p-10{padding:cal
c(var(--spacing)*10)}.p-12{p
adding:calc(var(--spacing)*1
2)}.p-20{padding:calc(var(--
spacing)*20)}.px-2{padding-i
nline:calc(var(--spacing)*2)
}.px-3{padding-inline:calc(v
ar(--spacing)*3)}.px-4{paddi
ng-inline:calc(var(--spacing
)*4)}.px-5{padding-inline:ca
lc(var(--spacing)*5)}.px-6{p
adding-inline:calc(var(--spa
cing)*6)}.px-8{padding-inlin
e:calc(var(--spacing)*8)}.px
-12{padding-inline:calc(var(
--spacing)*12)}.px-14{paddin
g-inline:calc(var(--spacing)
*14)}.px-16{padding-inline:c
alc(var(--spacing)*16)}.py-1
{padding-block:calc(var(--sp
acing)*1)}.py-1\\.5{padding-
block:calc(var(--spacing)*1.
5)}.py-2{padding-block:calc(
var(--spacing)*2)}.py-3{padd
ing-block:calc(var(--spacing
)*3)}.py-4{padding-block:cal
c(var(--spacing)*4)}.py-5{pa
dding-block:calc(var(--spaci
ng)*5)}.py-6{padding-block:c
alc(var(--spacing)*6)}.py-7{
padding-block:calc(var(--spa
cing)*7)}.py-8{padding-block
:calc(var(--spacing)*8)}.py-
12{padding-block:calc(var(--
spacing)*12)}.py-16{padding-
block:calc(var(--spacing)*16
)}.py-20{padding-block:calc(
var(--spacing)*20)}.py-24{pa
dding-block:calc(var(--spaci
ng)*24)}.py-32{padding-block
:calc(var(--spacing)*32)}.py
-40{padding-block:calc(var(-
-spacing)*40)}.pt-4{padding-
top:calc(var(--spacing)*4)}.
pt-16{padding-top:calc(var(-
-spacing)*16)}.pt-20{padding
-top:calc(var(--spacing)*20)
}.pt-24{padding-top:calc(var
(--spacing)*24)}.pb-1{paddin
g-bottom:calc(var(--spacing)
*1)}.pb-2{padding-bottom:cal
c(var(--spacing)*2)}.pb-4{pa
dding-bottom:calc(var(--spac
ing)*4)}.pb-8{padding-bottom
:calc(var(--spacing)*8)}.tex
t-center{text-align:center}.
text-left{text-align:left}.t
ext-right{text-align:right}.
font-display{font-family:var
(--font-display)}.font-mono{
font-family:var(--font-mono)
}.font-sans{font-family:var(
--font-sans)}.text-2xl{font-
size:var(--text-2xl);line-he
ight:var(--tw-leading,var(--
text-2xl--line-height))}.tex
t-3xl{font-size:var(--text-3
xl);line-height:var(--tw-lea
ding,var(--text-3xl--line-he
ight))}.text-4xl{font-size:v
ar(--text-4xl);line-height:v
ar(--tw-leading,var(--text-4
xl--line-height))}.text-5xl{
font-size:var(--text-5xl);li
ne-height:var(--tw-leading,v
ar(--text-5xl--line-height))
}.text-6xl{font-size:var(--t
ext-6xl);line-height:var(--t
w-leading,var(--text-6xl--li
ne-height))}.text-7xl{font-s
ize:var(--text-7xl);line-hei
ght:var(--tw-leading,var(--t
ext-7xl--line-height))}.text
-8xl{font-size:var(--text-8x
l);line-height:var(--tw-lead
ing,var(--text-8xl--line-hei
ght))}.text-lg{font-size:var
(--text-lg);line-height:var(
--tw-leading,var(--text-lg--
line-height))}.text-sm{font-
size:var(--text-sm);line-hei
ght:var(--tw-leading,var(--t
ext-sm--line-height))}.text-
xl{font-size:var(--text-xl);
line-height:var(--tw-leading
,var(--text-xl--line-height)
)}.text-xs{font-size:var(--t
ext-xs);line-height:var(--tw
-leading,var(--text-xs--line
-height))}.text-\\[9px\\]{fo
nt-size:9px}.text-\\[10px\\]
{font-size:10px}.text-\\[25v
w\\]{font-size:25vw}.leading
-\\[0\\.85\\]{--tw-leading:.
85;line-height:.85}.leading-
none{--tw-leading:1;line-hei
ght:1}.leading-relaxed{--tw-
leading:var(--leading-relaxe
d);line-height:var(--leading
-relaxed)}.font-black{--tw-f
ont-weight:var(--font-weight
-black);font-weight:var(--fo
nt-weight-black)}.font-bold{
--tw-font-weight:var(--font-
weight-bold);font-weight:var
(--font-weight-bold)}.font-e
xtrabold{--tw-font-weight:va
r(--font-weight-extrabold);f
ont-weight:var(--font-weight
-extrabold)}.font-medium{--t
w-font-weight:var(--font-wei
ght-medium);font-weight:var(
--font-weight-medium)}.track
ing-\\[0\\.2em\\]{--tw-track
ing:.2em;letter-spacing:.2em
}.tracking-\\[0\\.3em\\]{--t
w-tracking:.3em;letter-spaci
ng:.3em}.tracking-\\[0\\.4em
\\]{--tw-tracking:.4em;lette
r-spacing:.4em}.tracking-\\[
0\\.5em\\]{--tw-tracking:.5e
m;letter-spacing:.5em}.track
ing-\\[0\\.25em\\]{--tw-trac
king:.25em;letter-spacing:.2
5em}.tracking-tight{--tw-tra
cking:var(--tracking-tight);
letter-spacing:var(--trackin
g-tight)}.tracking-tighter{-
-tw-tracking:var(--tracking-
tighter);letter-spacing:var(
--tracking-tighter)}.trackin
g-wide{--tw-tracking:var(--t
racking-wide);letter-spacing
:var(--tracking-wide)}.track
ing-wider{--tw-tracking:var(
--tracking-wider);letter-spa
cing:var(--tracking-wider)}.
tracking-widest{--tw-trackin
g:var(--tracking-widest);let
ter-spacing:var(--tracking-w
idest)}.whitespace-nowrap{wh
ite-space:nowrap}.text-accen
t-blue{color:var(--color-acc
ent-blue)}.text-accent-red{c
olor:var(--color-accent-red)
}.text-black{color:var(--col
or-black)}.text-black\\/5{co
lor:#0000000d}@supports 
(color:color-mix(in lab, 
red, red)){.text-black\\/5{c
olor:color-mix(in oklab,var(
--color-black)5%,transparent
)}}.text-black\\/40{color:#0
006}@supports 
(color:color-mix(in lab, 
red, red)){.text-black\\/40{
color:color-mix(in oklab,var
(--color-black)40%,transpare
nt)}}.text-black\\/60{color:
#0009}@supports 
(color:color-mix(in lab, 
red, red)){.text-black\\/60{
color:color-mix(in oklab,var
(--color-black)60%,transpare
nt)}}.text-foreground,.text-
foreground\\/20{color:var(--
color-foreground)}@supports 
(color:color-mix(in lab, 
red, red)){.text-foreground\
\/20{color:color-mix(in okla
b,var(--color-foreground)20%
,transparent)}}.text-foregro
und\\/40{color:var(--color-f
oreground)}@supports 
(color:color-mix(in lab, 
red, red)){.text-foreground\
\/40{color:color-mix(in okla
b,var(--color-foreground)40%
,transparent)}}.text-gray-30
0{color:var(--color-gray-300
)}.text-gray-400{color:var(-
-color-gray-400)}.text-gray-
500{color:var(--color-gray-5
00)}.text-gray-600{color:var
(--color-gray-600)}.text-gre
en-400{color:var(--color-gre
en-400)}.text-neutral-200{co
lor:var(--color-neutral-200)
}.text-neutral-300{color:var
(--color-neutral-300)}.text-
neutral-400{color:var(--colo
r-neutral-400)}.text-neutral
-500{color:var(--color-neutr
al-500)}.text-neutral-600{co
lor:var(--color-neutral-600)
}.text-red-200{color:var(--c
olor-red-200)}.text-red-400{
color:var(--color-red-400)}.
text-red-500{color:var(--col
or-red-500)}.text-white{colo
r:var(--color-white)}.text-w
hite\\/5{color:#ffffff0d}@su
pports (color:color-mix(in 
lab, red, red)){.text-white\
\/5{color:color-mix(in oklab
,var(--color-white)5%,transp
arent)}}.text-white\\/10{col
or:#ffffff1a}@supports 
(color:color-mix(in lab, 
red, red)){.text-white\\/10{
color:color-mix(in oklab,var
(--color-white)10%,transpare
nt)}}.text-white\\/20{color:
#fff3}@supports 
(color:color-mix(in lab, 
red, red)){.text-white\\/20{
color:color-mix(in oklab,var
(--color-white)20%,transpare
nt)}}.text-white\\/30{color:
#ffffff4d}@supports 
(color:color-mix(in lab, 
red, red)){.text-white\\/30{
color:color-mix(in oklab,var
(--color-white)30%,transpare
nt)}}.text-white\\/40{color:
#fff6}@supports 
(color:color-mix(in lab, 
red, red)){.text-white\\/40{
color:color-mix(in oklab,var
(--color-white)40%,transpare
nt)}}.text-white\\/50{color:
#ffffff80}@supports 
(color:color-mix(in lab, 
red, red)){.text-white\\/50{
color:color-mix(in oklab,var
(--color-white)50%,transpare
nt)}}.text-white\\/70{color:
#ffffffb3}@supports 
(color:color-mix(in lab, 
red, red)){.text-white\\/70{
color:color-mix(in oklab,var
(--color-white)70%,transpare
nt)}}.text-white\\/90{color:
#ffffffe6}@supports 
(color:color-mix(in lab, 
red, red)){.text-white\\/90{
color:color-mix(in oklab,var
(--color-white)90%,transpare
nt)}}.lowercase{text-transfo
rm:lowercase}.uppercase{text
-transform:uppercase}.italic
{font-style:italic}.line-thr
ough{text-decoration-line:li
ne-through}.antialiased{-web
kit-font-smoothing:antialias
ed;-moz-osx-font-smoothing:g
rayscale}.opacity-0{opacity:
0}.opacity-5{opacity:.05}.op
acity-20{opacity:.2}.opacity
-30{opacity:.3}.opacity-40{o
pacity:.4}.opacity-50{opacit
y:.5}.opacity-70{opacity:.7}
.opacity-100{opacity:1}.opac
ity-\\[0\\.03\\]{opacity:.03
}.mix-blend-difference{mix-b
lend-mode:difference}.mix-bl
end-overlay{mix-blend-mode:o
verlay}.shadow{--tw-shadow:0
 1px 3px 0 var(--tw-shadow-c
olor,#0000001a),0 1px 2px 
-1px var(--tw-shadow-color,#
0000001a);box-shadow:var(--t
w-inset-shadow),var(--tw-ins
et-ring-shadow),var(--tw-rin
g-offset-shadow),var(--tw-ri
ng-shadow),var(--tw-shadow)}
.shadow-2xl{--tw-shadow:0 
25px 50px -12px var(--tw-sha
dow-color,#00000040);box-sha
dow:var(--tw-inset-shadow),v
ar(--tw-inset-ring-shadow),v
ar(--tw-ring-offset-shadow),
var(--tw-ring-shadow),var(--
tw-shadow)}.shadow-\\[0_0_20
px_rgba\\(255\\,255\\,255\\,
0\\.2\\)\\]{--tw-shadow:0 0 
20px var(--tw-shadow-color,#
fff3);box-shadow:var(--tw-in
set-shadow),var(--tw-inset-r
ing-shadow),var(--tw-ring-of
fset-shadow),var(--tw-ring-s
hadow),var(--tw-shadow)}.sha
dow-\\[0_0_20px_rgba\\(255\\
,255\\,255\\,0\\.5\\)\\]{--t
w-shadow:0 0 20px var(--tw-s
hadow-color,#ffffff80);box-s
hadow:var(--tw-inset-shadow)
,var(--tw-inset-ring-shadow)
,var(--tw-ring-offset-shadow
),var(--tw-ring-shadow),var(
--tw-shadow)}.shadow-\\[0_0_
30px_rgba\\(255\\,255\\,255\
\,0\\.2\\)\\]{--tw-shadow:0 
0 30px var(--tw-shadow-color
,#fff3);box-shadow:var(--tw-
inset-shadow),var(--tw-inset
-ring-shadow),var(--tw-ring-
offset-shadow),var(--tw-ring
-shadow),var(--tw-shadow)}.s
hadow-sm{--tw-shadow:0 1px 
3px 0 var(--tw-shadow-color,
#0000001a),0 1px 2px -1px va
r(--tw-shadow-color,#0000001
a);box-shadow:var(--tw-inset
-shadow),var(--tw-inset-ring
-shadow),var(--tw-ring-offse
t-shadow),var(--tw-ring-shad
ow),var(--tw-shadow)}.shadow
-xl{--tw-shadow:0 20px 25px 
-5px var(--tw-shadow-color,#
0000001a),0 8px 10px -6px va
r(--tw-shadow-color,#0000001
a);box-shadow:var(--tw-inset
-shadow),var(--tw-inset-ring
-shadow),var(--tw-ring-offse
t-shadow),var(--tw-ring-shad
ow),var(--tw-shadow)}.premiu
m-shadow{box-shadow:0 10px 
40px -10px #0000001a}.blur-\
\[120px\\]{--tw-blur:blur(12
0px);filter:var(--tw-blur,)v
ar(--tw-brightness,)var(--tw
-contrast,)var(--tw-grayscal
e,)var(--tw-hue-rotate,)var(
--tw-invert,)var(--tw-satura
te,)var(--tw-sepia,)var(--tw
-drop-shadow,)}.blur-sm{--tw
-blur:blur(var(--blur-sm));f
ilter:var(--tw-blur,)var(--t
w-brightness,)var(--tw-contr
ast,)var(--tw-grayscale,)var
(--tw-hue-rotate,)var(--tw-i
nvert,)var(--tw-saturate,)va
r(--tw-sepia,)var(--tw-drop-
shadow,)}.blur-xl{--tw-blur:
blur(var(--blur-xl));filter:
var(--tw-blur,)var(--tw-brig
htness,)var(--tw-contrast,)v
ar(--tw-grayscale,)var(--tw-
hue-rotate,)var(--tw-invert,
)var(--tw-saturate,)var(--tw
-sepia,)var(--tw-drop-shadow
,)}.grayscale{--tw-grayscale
:grayscale(100%);filter:var(
--tw-blur,)var(--tw-brightne
ss,)var(--tw-contrast,)var(-
-tw-grayscale,)var(--tw-hue-
rotate,)var(--tw-invert,)var
(--tw-saturate,)var(--tw-sep
ia,)var(--tw-drop-shadow,)}.
filter{filter:var(--tw-blur,
)var(--tw-brightness,)var(--
tw-contrast,)var(--tw-graysc
ale,)var(--tw-hue-rotate,)va
r(--tw-invert,)var(--tw-satu
rate,)var(--tw-sepia,)var(--
tw-drop-shadow,)}.backdrop-b
lur-md{--tw-backdrop-blur:bl
ur(var(--blur-md));-webkit-b
ackdrop-filter:var(--tw-back
drop-blur,)var(--tw-backdrop
-brightness,)var(--tw-backdr
op-contrast,)var(--tw-backdr
op-grayscale,)var(--tw-backd
rop-hue-rotate,)var(--tw-bac
kdrop-invert,)var(--tw-backd
rop-opacity,)var(--tw-backdr
op-saturate,)var(--tw-backdr
op-sepia,);backdrop-filter:v
ar(--tw-backdrop-blur,)var(-
-tw-backdrop-brightness,)var
(--tw-backdrop-contrast,)var
(--tw-backdrop-grayscale,)va
r(--tw-backdrop-hue-rotate,)
var(--tw-backdrop-invert,)va
r(--tw-backdrop-opacity,)var
(--tw-backdrop-saturate,)var
(--tw-backdrop-sepia,)}.back
drop-blur-sm{--tw-backdrop-b
lur:blur(var(--blur-sm));-we
bkit-backdrop-filter:var(--t
w-backdrop-blur,)var(--tw-ba
ckdrop-brightness,)var(--tw-
backdrop-contrast,)var(--tw-
backdrop-grayscale,)var(--tw
-backdrop-hue-rotate,)var(--
tw-backdrop-invert,)var(--tw
-backdrop-opacity,)var(--tw-
backdrop-saturate,)var(--tw-
backdrop-sepia,);backdrop-fi
lter:var(--tw-backdrop-blur,
)var(--tw-backdrop-brightnes
s,)var(--tw-backdrop-contras
t,)var(--tw-backdrop-graysca
le,)var(--tw-backdrop-hue-ro
tate,)var(--tw-backdrop-inve
rt,)var(--tw-backdrop-opacit
y,)var(--tw-backdrop-saturat
e,)var(--tw-backdrop-sepia,)
}.backdrop-blur-xl{--tw-back
drop-blur:blur(var(--blur-xl
));-webkit-backdrop-filter:v
ar(--tw-backdrop-blur,)var(-
-tw-backdrop-brightness,)var
(--tw-backdrop-contrast,)var
(--tw-backdrop-grayscale,)va
r(--tw-backdrop-hue-rotate,)
var(--tw-backdrop-invert,)va
r(--tw-backdrop-opacity,)var
(--tw-backdrop-saturate,)var
(--tw-backdrop-sepia,);backd
rop-filter:var(--tw-backdrop
-blur,)var(--tw-backdrop-bri
ghtness,)var(--tw-backdrop-c
ontrast,)var(--tw-backdrop-g
rayscale,)var(--tw-backdrop-
hue-rotate,)var(--tw-backdro
p-invert,)var(--tw-backdrop-
opacity,)var(--tw-backdrop-s
aturate,)var(--tw-backdrop-s
epia,)}.backdrop-filter{-web
kit-backdrop-filter:var(--tw
-backdrop-blur,)var(--tw-bac
kdrop-brightness,)var(--tw-b
ackdrop-contrast,)var(--tw-b
ackdrop-grayscale,)var(--tw-
backdrop-hue-rotate,)var(--t
w-backdrop-invert,)var(--tw-
backdrop-opacity,)var(--tw-b
ackdrop-saturate,)var(--tw-b
ackdrop-sepia,);backdrop-fil
ter:var(--tw-backdrop-blur,)
var(--tw-backdrop-brightness
,)var(--tw-backdrop-contrast
,)var(--tw-backdrop-grayscal
e,)var(--tw-backdrop-hue-rot
ate,)var(--tw-backdrop-inver
t,)var(--tw-backdrop-opacity
,)var(--tw-backdrop-saturate
,)var(--tw-backdrop-sepia,)}
.transition{transition-prope
rty:color,background-color,b
order-color,outline-color,te
xt-decoration-color,fill,str
oke,--tw-gradient-from,--tw-
gradient-via,--tw-gradient-t
o,opacity,box-shadow,transfo
rm,translate,scale,rotate,fi
lter,-webkit-backdrop-filter
,backdrop-filter,display,con
tent-visibility,overlay,poin
ter-events;transition-timing
-function:var(--tw-ease,var(
--default-transition-timing-
function));transition-durati
on:var(--tw-duration,var(--d
efault-transition-duration))
}.transition-all{transition-
property:all;transition-timi
ng-function:var(--tw-ease,va
r(--default-transition-timin
g-function));transition-dura
tion:var(--tw-duration,var(-
-default-transition-duration
))}.transition-colors{transi
tion-property:color,backgrou
nd-color,border-color,outlin
e-color,text-decoration-colo
r,fill,stroke,--tw-gradient-
from,--tw-gradient-via,--tw-
gradient-to;transition-timin
g-function:var(--tw-ease,var
(--default-transition-timing
-function));transition-durat
ion:var(--tw-duration,var(--
default-transition-duration)
)}.transition-opacity{transi
tion-property:opacity;transi
tion-timing-function:var(--t
w-ease,var(--default-transit
ion-timing-function));transi
tion-duration:var(--tw-durat
ion,var(--default-transition
-duration))}.transition-tran
sform{transition-property:tr
ansform,translate,scale,rota
te;transition-timing-functio
n:var(--tw-ease,var(--defaul
t-transition-timing-function
));transition-duration:var(-
-tw-duration,var(--default-t
ransition-duration))}.delay-
75{transition-delay:75ms}.du
ration-100{--tw-duration:.1s
;transition-duration:.1s}.du
ration-300{--tw-duration:.3s
;transition-duration:.3s}.du
ration-500{--tw-duration:.5s
;transition-duration:.5s}.du
ration-700{--tw-duration:.7s
;transition-duration:.7s}.du
ration-1000{--tw-duration:1s
;transition-duration:1s}.eas
e-out{--tw-ease:var(--ease-o
ut);transition-timing-functi
on:var(--ease-out)}.outline-
none{--tw-outline-style:none
;outline-style:none}.select-
none{-webkit-user-select:non
e;user-select:none}.group-fo
cus-within\\:text-black:is(:
where(.group):focus-within *
){color:var(--color-black)}@
media (hover:hover){.group-h
over\\:w-full:is(:where(.gro
up):hover *){width:100%}.gro
up-hover\\:translate-x-1:is(
:where(.group):hover *){--tw
-translate-x:calc(var(--spac
ing)*1);translate:var(--tw-t
ranslate-x)var(--tw-translat
e-y)}.group-hover\\:translat
e-x-2:is(:where(.group):hove
r *){--tw-translate-x:calc(v
ar(--spacing)*2);translate:v
ar(--tw-translate-x)var(--tw
-translate-y)}.group-hover\\
:translate-x-\\[-2px\\]:is(:
where(.group):hover *){--tw-
translate-x:-2px;translate:v
ar(--tw-translate-x)var(--tw
-translate-y)}.group-hover\\
:translate-x-\\[2px\\]:is(:w
here(.group):hover *){--tw-t
ranslate-x:2px;translate:var
(--tw-translate-x)var(--tw-t
ranslate-y)}.group-hover\\:t
ranslate-y-0:is(:where(.grou
p):hover *){--tw-translate-y
:calc(var(--spacing)*0);tran
slate:var(--tw-translate-x)v
ar(--tw-translate-y)}.group-
hover\\:scale-110:is(:where(
.group):hover *){--tw-scale-
x:110%;--tw-scale-y:110%;--t
w-scale-z:110%;scale:var(--t
w-scale-x)var(--tw-scale-y)}
.group-hover\\:animate-pulse
:is(:where(.group):hover *){
animation:var(--animate-puls
e)}.group-hover\\:bg-black\\
/20:is(:where(.group):hover 
*){background-color:#0003}@s
upports (color:color-mix(in 
lab, red, red)){.group-hover
\\:bg-black\\/20:is(:where(.
group):hover *){background-c
olor:color-mix(in oklab,var(
--color-black)20%,transparen
t)}}.group-hover\\:text-acce
nt-blue:is(:where(.group):ho
ver *){color:var(--color-acc
ent-blue)}.group-hover\\:tex
t-black\\/10:is(:where(.grou
p):hover *){color:#0000001a}
@supports 
(color:color-mix(in lab, 
red, red)){.group-hover\\:te
xt-black\\/10:is(:where(.gro
up):hover 
*){color:color-mix(in oklab,
var(--color-black)10%,transp
arent)}}.group-hover\\:text-
white:is(:where(.group):hove
r *){color:var(--color-white
)}.group-hover\\:opacity-70:
is(:where(.group):hover *){o
pacity:.7}.group-hover\\:opa
city-100:is(:where(.group):h
over *){opacity:1}.group-hov
er\\:grayscale-0:is(:where(.
group):hover *){--tw-graysca
le:grayscale(0%);filter:var(
--tw-blur,)var(--tw-brightne
ss,)var(--tw-contrast,)var(-
-tw-grayscale,)var(--tw-hue-
rotate,)var(--tw-invert,)var
(--tw-saturate,)var(--tw-sep
ia,)var(--tw-drop-shadow,)}}
.placeholder\\:text-neutral-
300::placeholder{color:var(-
-color-neutral-300)}.placeho
lder\\:text-white\\/20::plac
eholder{color:#fff3}@support
s (color:color-mix(in lab, 
red, red)){.placeholder\\:te
xt-white\\/20::placeholder{c
olor:color-mix(in oklab,var(
--color-white)20%,transparen
t)}}@media (hover:hover){.ho
ver\\:-translate-y-3:hover{-
-tw-translate-y:calc(var(--s
pacing)*-3);translate:var(--
tw-translate-x)var(--tw-tran
slate-y)}.hover\\:scale-105:
hover{--tw-scale-x:105%;--tw
-scale-y:105%;--tw-scale-z:1
05%;scale:var(--tw-scale-x)v
ar(--tw-scale-y)}.hover\\:sc
ale-110:hover{--tw-scale-x:1
10%;--tw-scale-y:110%;--tw-s
cale-z:110%;scale:var(--tw-s
cale-x)var(--tw-scale-y)}.ho
ver\\:scale-125:hover{--tw-s
cale-x:125%;--tw-scale-y:125
%;--tw-scale-z:125%;scale:va
r(--tw-scale-x)var(--tw-scal
e-y)}.hover\\:scale-\\[1\\.0
2\\]:hover{scale:1.02}.hover
\\:border-black\\/20:hover{b
order-color:#0003}@supports 
(color:color-mix(in lab, 
red, red)){.hover\\:border-b
lack\\/20:hover{border-color
:color-mix(in oklab,var(--co
lor-black)20%,transparent)}}
.hover\\:border-neutral-400:
hover{border-color:var(--col
or-neutral-400)}.hover\\:bor
der-pink-500:hover{border-co
lor:var(--color-pink-500)}.h
over\\:border-white:hover{bo
rder-color:var(--color-white
)}.hover\\:bg-black:hover{ba
ckground-color:var(--color-b
lack)}.hover\\:bg-green-400:
hover{background-color:var(-
-color-green-400)}.hover\\:b
g-neutral-200:hover{backgrou
nd-color:var(--color-neutral
-200)}.hover\\:bg-neutral-80
0:hover{background-color:var
(--color-neutral-800)}.hover
\\:bg-pink-500:hover{backgro
und-color:var(--color-pink-5
00)}.hover\\:bg-red-500\\/20
:hover{background-color:#fb2
c3633}@supports 
(color:color-mix(in lab, 
red, red)){.hover\\:bg-red-5
00\\/20:hover{background-col
or:color-mix(in oklab,var(--
color-red-500)20%,transparen
t)}}.hover\\:bg-white:hover{
background-color:var(--color
-white)}.hover\\:bg-white\\/
10:hover{background-color:#f
fffff1a}@supports 
(color:color-mix(in lab, 
red, red)){.hover\\:bg-white
\\/10:hover{background-color
:color-mix(in oklab,var(--co
lor-white)10%,transparent)}}
.hover\\:bg-white\\/20:hover
{background-color:#fff3}@sup
ports (color:color-mix(in 
lab, red, red)){.hover\\:bg-
white\\/20:hover{background-
color:color-mix(in oklab,var
(--color-white)20%,transpare
nt)}}.hover\\:bg-white\\/\\[
0\\.02\\]:hover{background-c
olor:#ffffff05}@supports 
(color:color-mix(in lab, 
red, red)){.hover\\:bg-white
\\/\\[0\\.02\\]:hover{backgr
ound-color:color-mix(in okla
b,var(--color-white)2%,trans
parent)}}.hover\\:text-accen
t-blue:hover{color:var(--col
or-accent-blue)}.hover\\:tex
t-black:hover{color:var(--co
lor-black)}.hover\\:text-for
eground:hover{color:var(--co
lor-foreground)}.hover\\:tex
t-neutral-400:hover{color:va
r(--color-neutral-400)}.hove
r\\:text-red-500:hover{color
:var(--color-red-500)}.hover
\\:text-white:hover{color:va
r(--color-white)}.hover\\:un
derline:hover{text-decoratio
n-line:underline}.hover\\:sh
adow-\\[0_20px_50px_rgba\\(0
\\,0\\,0\\,0\\.5\\)\\]:hover
{--tw-shadow:0 20px 50px var
(--tw-shadow-color,#00000080
);box-shadow:var(--tw-inset-
shadow),var(--tw-inset-ring-
shadow),var(--tw-ring-offset
-shadow),var(--tw-ring-shado
w),var(--tw-shadow)}}.focus\
\:border-black\\/20:focus{bo
rder-color:#0003}@supports 
(color:color-mix(in lab, 
red, red)){.focus\\:border-b
lack\\/20:focus{border-color
:color-mix(in oklab,var(--co
lor-black)20%,transparent)}}
.focus\\:border-white:focus{
border-color:var(--color-whi
te)}.focus\\:outline-none:fo
cus{--tw-outline-style:none;
outline-style:none}.active\\
:scale-95:active{--tw-scale-
x:95%;--tw-scale-y:95%;--tw-
scale-z:95%;scale:var(--tw-s
cale-x)var(--tw-scale-y)}.ac
tive\\:scale-\\[0\\.98\\]:ac
tive{scale:.98}.disabled\\:o
pacity-50:disabled{opacity:.
5}@media (min-width:40rem){.
sm\\:grid-cols-2{grid-templa
te-columns:repeat(2,minmax(0
,1fr))}.sm\\:flex-row{flex-d
irection:row}.sm\\:px-6{padd
ing-inline:calc(var(--spacin
g)*6)}}@media (min-width:48r
em){.md\\:col-span-2{grid-co
lumn:span 2/span 2}.md\\:-mt
-8{margin-top:calc(var(--spa
cing)*-8)}.md\\:mb-8{margin-
bottom:calc(var(--spacing)*8
)}.md\\:block{display:block}
.md\\:flex{display:flex}.md\
\:hidden{display:none}.md\\:
h-24{height:calc(var(--spaci
ng)*24)}.md\\:w-64{width:cal
c(var(--spacing)*64)}.md\\:g
rid-cols-2{grid-template-col
umns:repeat(2,minmax(0,1fr))
}.md\\:grid-cols-3{grid-temp
late-columns:repeat(3,minmax
(0,1fr))}.md\\:flex-row{flex
-direction:row}.md\\:items-c
enter{align-items:center}.md
\\:items-end{align-items:fle
x-end}:where(.md\\:space-x-8
>:not(:last-child)){--tw-spa
ce-x-reverse:0;margin-inline
-start:calc(calc(var(--spaci
ng)*8)*var(--tw-space-x-reve
rse));margin-inline-end:calc
(calc(var(--spacing)*8)*calc
(1 - var(--tw-space-x-revers
e)))}.md\\:rounded-\\[2rem\\
]{border-radius:2rem}.md\\:r
ounded-\\[5rem\\]{border-rad
ius:5rem}.md\\:rounded-full{
border-radius:3.40282e38px}.
md\\:p-20{padding:calc(var(-
-spacing)*20)}.md\\:p-24{pad
ding:calc(var(--spacing)*24)
}.md\\:px-8{padding-inline:c
alc(var(--spacing)*8)}.md\\:
px-10{padding-inline:calc(va
r(--spacing)*10)}.md\\:text-
left{text-align:left}.md\\:t
ext-3xl{font-size:var(--text
-3xl);line-height:var(--tw-l
eading,var(--text-3xl--line-
height))}.md\\:text-5xl{font
-size:var(--text-5xl);line-h
eight:var(--tw-leading,var(-
-text-5xl--line-height))}.md
\\:text-6xl{font-size:var(--
text-6xl);line-height:var(--
tw-leading,var(--text-6xl--l
ine-height))}.md\\:text-7xl{
font-size:var(--text-7xl);li
ne-height:var(--tw-leading,v
ar(--text-7xl--line-height))
}.md\\:text-8xl{font-size:va
r(--text-8xl);line-height:va
r(--tw-leading,var(--text-8x
l--line-height))}.md\\:text-
9xl{font-size:var(--text-9xl
);line-height:var(--tw-leadi
ng,var(--text-9xl--line-heig
ht))}.md\\:text-\\[12rem\\]{
font-size:12rem}}@media (min
-width:64rem){.lg\\:grid-col
s-2{grid-template-columns:re
peat(2,minmax(0,1fr))}.lg\\:
grid-cols-3{grid-template-co
lumns:repeat(3,minmax(0,1fr)
)}.lg\\:grid-cols-4{grid-tem
plate-columns:repeat(4,minma
x(0,1fr))}.lg\\:px-10{paddin
g-inline:calc(var(--spacing)
*10)}.lg\\:text-7xl{font-siz
e:var(--text-7xl);line-heigh
t:var(--tw-leading,var(--tex
t-7xl--line-height))}.lg\\:t
ext-\\[11rem\\]{font-size:11
rem}}.hover-card:hover{trans
form:translateY(-8px);box-sh
adow:0 20px 60px -15px #0000
0026}.text-outline{-webkit-t
ext-stroke:1px currentColor;
color:#0000}.section-padding
{padding-top:5rem;padding-bo
ttom:5rem}}:root{--backgroun
d:#fff;--foreground:#000;--s
urface:#f9f9f9}[data-theme=d
ark]{--background:#000;--for
eground:#fff;--surface:#111}
body{color:var(--foreground)
;background:var(--background
);font-family:var(--font-san
s);-webkit-font-smoothing:an
tialiased}h1,h2,h3,h4,h5,h6{
font-family:var(--font-displ
ay);letter-spacing:-.04em;fo
nt-weight:800}::-webkit-scro
llbar{width:4px}::-webkit-sc
rollbar-track{background:0 0
}::-webkit-scrollbar-thumb{b
ackground:#000;border-radius
:0}@keyframes float{0%,to{tr
ansform:translateY(0)}50%{tr
ansform:translateY(-15px)}}@
property --tw-translate-x{sy
ntax:\"*\";inherits:false;in
itial-value:0}@property --tw
-translate-y{syntax:\"*\";in
herits:false;initial-value:0
}@property --tw-translate-z{
syntax:\"*\";inherits:false;
initial-value:0}@property --
tw-scale-x{syntax:\"*\";inhe
rits:false;initial-value:1}@
property --tw-scale-y{syntax
:\"*\";inherits:false;initia
l-value:1}@property --tw-sca
le-z{syntax:\"*\";inherits:f
alse;initial-value:1}@proper
ty --tw-rotate-x{syntax:\"*\
";inherits:false}@property -
-tw-rotate-y{syntax:\"*\";in
herits:false}@property --tw-
rotate-z{syntax:\"*\";inheri
ts:false}@property --tw-skew
-x{syntax:\"*\";inherits:fal
se}@property --tw-skew-y{syn
tax:\"*\";inherits:false}@pr
operty --tw-space-y-reverse{
syntax:\"*\";inherits:false;
initial-value:0}@property --
tw-space-x-reverse{syntax:\"
*\";inherits:false;initial-v
alue:0}@property --tw-divide
-y-reverse{syntax:\"*\";inhe
rits:false;initial-value:0}@
property --tw-border-style{s
yntax:\"*\";inherits:false;i
nitial-value:solid}@property
 --tw-gradient-position{synt
ax:\"*\";inherits:false}@pro
perty --tw-gradient-from{syn
tax:\"<color>\";inherits:fal
se;initial-value:#0000}@prop
erty --tw-gradient-via{synta
x:\"<color>\";inherits:false
;initial-value:#0000}@proper
ty --tw-gradient-to{syntax:\
"<color>\";inherits:false;in
itial-value:#0000}@property 
--tw-gradient-stops{syntax:\
"*\";inherits:false}@propert
y --tw-gradient-via-stops{sy
ntax:\"*\";inherits:false}@p
roperty --tw-gradient-from-p
osition{syntax:\"<length-per
centage>\";inherits:false;in
itial-value:0%}@property --t
w-gradient-via-position{synt
ax:\"<length-percentage>\";i
nherits:false;initial-value:
50%}@property --tw-gradient-
to-position{syntax:\"<length
-percentage>\";inherits:fals
e;initial-value:100%}@proper
ty --tw-leading{syntax:\"*\"
;inherits:false}@property --
tw-font-weight{syntax:\"*\";
inherits:false}@property --t
w-tracking{syntax:\"*\";inhe
rits:false}@property --tw-sh
adow{syntax:\"*\";inherits:f
alse;initial-value:0 0 
#0000}@property --tw-shadow-
color{syntax:\"*\";inherits:
false}@property --tw-shadow-
alpha{syntax:\"<percentage>\
";inherits:false;initial-val
ue:100%}@property --tw-inset
-shadow{syntax:\"*\";inherit
s:false;initial-value:0 0 
#0000}@property --tw-inset-s
hadow-color{syntax:\"*\";inh
erits:false}@property --tw-i
nset-shadow-alpha{syntax:\"<
percentage>\";inherits:false
;initial-value:100%}@propert
y --tw-ring-color{syntax:\"*
\";inherits:false}@property 
--tw-ring-shadow{syntax:\"*\
";inherits:false;initial-val
ue:0 0 #0000}@property --tw-
inset-ring-color{syntax:\"*\
";inherits:false}@property -
-tw-inset-ring-shadow{syntax
:\"*\";inherits:false;initia
l-value:0 0 #0000}@property 
--tw-ring-inset{syntax:\"*\"
;inherits:false}@property --
tw-ring-offset-width{syntax:
\"<length>\";inherits:false;
initial-value:0}@property --
tw-ring-offset-color{syntax:
\"*\";inherits:false;initial
-value:#fff}@property --tw-r
ing-offset-shadow{syntax:\"*
\";inherits:false;initial-va
lue:0 0 #0000}@property --tw
-blur{syntax:\"*\";inherits:
false}@property --tw-brightn
ess{syntax:\"*\";inherits:fa
lse}@property --tw-contrast{
syntax:\"*\";inherits:false}
@property --tw-grayscale{syn
tax:\"*\";inherits:false}@pr
operty --tw-hue-rotate{synta
x:\"*\";inherits:false}@prop
erty --tw-invert{syntax:\"*\
";inherits:false}@property -
-tw-opacity{syntax:\"*\";inh
erits:false}@property --tw-s
aturate{syntax:\"*\";inherit
s:false}@property --tw-sepia
{syntax:\"*\";inherits:false
}@property --tw-drop-shadow{
syntax:\"*\";inherits:false}
@property --tw-drop-shadow-c
olor{syntax:\"*\";inherits:f
alse}@property --tw-drop-sha
dow-alpha{syntax:\"<percenta
ge>\";inherits:false;initial
-value:100%}@property --tw-d
rop-shadow-size{syntax:\"*\"
;inherits:false}@property --
tw-backdrop-blur{syntax:\"*\
";inherits:false}@property -
-tw-backdrop-brightness{synt
ax:\"*\";inherits:false}@pro
perty --tw-backdrop-contrast
{syntax:\"*\";inherits:false
}@property --tw-backdrop-gra
yscale{syntax:\"*\";inherits
:false}@property --tw-backdr
op-hue-rotate{syntax:\"*\";i
nherits:false}@property --tw
-backdrop-invert{syntax:\"*\
";inherits:false}@property -
-tw-backdrop-opacity{syntax:
\"*\";inherits:false}@proper
ty --tw-backdrop-saturate{sy
ntax:\"*\";inherits:false}@p
roperty --tw-backdrop-sepia{
syntax:\"*\";inherits:false}
@property --tw-duration{synt
ax:\"*\";inherits:false}@pro
perty --tw-ease{syntax:\"*\"
;inherits:false}@keyframes s
pin{to{transform:rotate(360d
eg)}}@keyframes 
pulse{50%{opacity:.5}}", 
""]);
19 | // Exports
20 | /* harmony default 
export */ const 
__WEBPACK_DEFAULT_EXPORT__ 
= (___CSS_LOADER_EXPORT___);
21 | 

Import trace for requested 
module:
./app/globals.css


> Build failed because of 
webpack errors
