app/api/health/route.ts(2,10): error TS2614: Module '"@/lib/mongodb"' has no exported member 'getDbStats'. Did you mean to use 'import getDbStats from "@/lib/mongodb"' instead?
app/api/health/route.ts(2,22): error TS2614: Module '"@/lib/mongodb"' has no exported member 'dbHealthCheck'. Did you mean to use 'import dbHealthCheck from "@/lib/mongodb"' instead?
